pkgconfig(Baloo)	devpkg-baloo
pkgconfig(DirectX-Headers)	devpkg-directx-headers
pkgconfig(INIReader)	devpkg-inih
pkgconfig(ImageMagick)	devpkg-ImageMagick
pkgconfig(Imath)	devpkg-Imath
pkgconfig(KF5WaylandClient)	devpkg-kwayland
pkgconfig(LLVMSPIRVLib)	devpkg-llvm
pkgconfig(Magick++)	devpkg-ImageMagick
pkgconfig(MagickCore)	devpkg-ImageMagick
pkgconfig(MagickCore-7.Q16HDRI)	devpkg-ImageMagick
pkgconfig(MagickWand)	devpkg-ImageMagick
pkgconfig(MagickWand-7.Q16HDRI)	devpkg-ImageMagick
pkgconfig(ModemManager)	devpkg-ModemManager
pkgconfig(OpenCL)	devpkg-ocl-icd
pkgconfig(OpenCL-Headers)	devpkg-opencl-headers
pkgconfig(OpenEXR)	devpkg-openexr
pkgconfig(OpenImageIO)	devpkg-oiio
pkgconfig(Qt53DAnimation)	devpkg-qt3d
pkgconfig(Qt53DCore)	devpkg-qt3d
pkgconfig(Qt53DExtras)	devpkg-qt3d
pkgconfig(Qt53DInput)	devpkg-qt3d
pkgconfig(Qt53DLogic)	devpkg-qt3d
pkgconfig(Qt53DQuick)	devpkg-qt3d
pkgconfig(Qt53DQuickAnimation)	devpkg-qt3d
pkgconfig(Qt53DQuickExtras)	devpkg-qt3d
pkgconfig(Qt53DQuickInput)	devpkg-qt3d
pkgconfig(Qt53DQuickRender)	devpkg-qt3d
pkgconfig(Qt53DQuickScene2D)	devpkg-qt3d
pkgconfig(Qt53DRender)	devpkg-qt3d
pkgconfig(Qt5Bluetooth)	devpkg-qtconnectivity
pkgconfig(Qt5Charts)	devpkg-qtcharts
pkgconfig(Qt5Concurrent)	devpkg-qtbase
pkgconfig(Qt5Core)	devpkg-qtbase
pkgconfig(Qt5DBus)	devpkg-qtbase
pkgconfig(Qt5DataVisualization)	devpkg-qtdatavis3d
pkgconfig(Qt5Designer)	devpkg-qttools
pkgconfig(Qt5Gamepad)	devpkg-qtgamepad
pkgconfig(Qt5Gui)	devpkg-qtbase
pkgconfig(Qt5Help)	devpkg-qttools
pkgconfig(Qt5Location)	devpkg-qtlocation
pkgconfig(Qt5Multimedia)	devpkg-qtmultimedia
pkgconfig(Qt5MultimediaWidgets)	devpkg-qtmultimedia
pkgconfig(Qt5Network)	devpkg-qtbase
pkgconfig(Qt5NetworkAuth)	devpkg-qtnetworkauth
pkgconfig(Qt5Nfc)	devpkg-qtconnectivity
pkgconfig(Qt5OpenGL)	devpkg-qtbase
pkgconfig(Qt5OpenGLExtensions)	devpkg-qtbase
pkgconfig(Qt5Positioning)	devpkg-qtlocation
pkgconfig(Qt5PositioningQuick)	devpkg-qtlocation
pkgconfig(Qt5PrintSupport)	devpkg-qtbase
pkgconfig(Qt5Qml)	devpkg-qtdeclarative
pkgconfig(Qt5QmlModels)	devpkg-qtdeclarative
pkgconfig(Qt5QmlWorkerScript)	devpkg-qtdeclarative
pkgconfig(Qt5Quick)	devpkg-qtdeclarative
pkgconfig(Qt5QuickControls2)	devpkg-qtquickcontrols2
pkgconfig(Qt5QuickTemplates2)	devpkg-qtquickcontrols2
pkgconfig(Qt5QuickTest)	devpkg-qtdeclarative
pkgconfig(Qt5QuickWidgets)	devpkg-qtdeclarative
pkgconfig(Qt5RemoteObjects)	devpkg-qtremoteobjects
pkgconfig(Qt5RepParser)	devpkg-qtremoteobjects
pkgconfig(Qt5Script)	devpkg-qtscript
pkgconfig(Qt5ScriptTools)	devpkg-qtscript
pkgconfig(Qt5Scxml)	devpkg-qtscxml
pkgconfig(Qt5Sensors)	devpkg-qtsensors
pkgconfig(Qt5SerialBus)	devpkg-qtserialbus
pkgconfig(Qt5SerialPort)	devpkg-qtserialport
pkgconfig(Qt5Sql)	devpkg-qtbase
pkgconfig(Qt5Svg)	devpkg-qtsvg
pkgconfig(Qt5Test)	devpkg-qtbase
pkgconfig(Qt5TextToSpeech)	devpkg-qtspeech
pkgconfig(Qt5UiPlugin)	devpkg-qttools
pkgconfig(Qt5UiTools)	devpkg-qttools
pkgconfig(Qt5VirtualKeyboard)	devpkg-qtvirtualkeyboard
pkgconfig(Qt5WaylandClient)	devpkg-qtwayland
pkgconfig(Qt5WaylandCompositor)	devpkg-qtwayland
pkgconfig(Qt5WebChannel)	devpkg-qtwebchannel
pkgconfig(Qt5WebSockets)	devpkg-qtwebsockets
pkgconfig(Qt5Widgets)	devpkg-qtbase
pkgconfig(Qt5X11Extras)	devpkg-qtx11extras
pkgconfig(Qt5Xml)	devpkg-qtbase
pkgconfig(Qt5XmlPatterns)	devpkg-qtxmlpatterns
pkgconfig(Qt6Concurrent)	devpkg-qt6base
pkgconfig(Qt6Core)	devpkg-qt6base
pkgconfig(Qt6DBus)	devpkg-qt6base
pkgconfig(Qt6Designer)	devpkg-qt6tools
pkgconfig(Qt6Gui)	devpkg-qt6base
pkgconfig(Qt6Help)	devpkg-qt6tools
pkgconfig(Qt6Linguist)	devpkg-qt6tools
pkgconfig(Qt6Network)	devpkg-qt6base
pkgconfig(Qt6OpenGL)	devpkg-qt6base
pkgconfig(Qt6OpenGLWidgets)	devpkg-qt6base
pkgconfig(Qt6Platform)	devpkg-qt6base
pkgconfig(Qt6PrintSupport)	devpkg-qt6base
pkgconfig(Qt6Sql)	devpkg-qt6base
pkgconfig(Qt6Svg)	devpkg-qt6svg
pkgconfig(Qt6SvgWidgets)	devpkg-qt6svg
pkgconfig(Qt6Test)	devpkg-qt6base
pkgconfig(Qt6UiPlugin)	devpkg-qt6tools
pkgconfig(Qt6UiTools)	devpkg-qt6tools
pkgconfig(Qt6Widgets)	devpkg-qt6base
pkgconfig(Qt6Xml)	devpkg-qt6base
pkgconfig(SDL2_gfx)	devpkg-SDL2_gfx
pkgconfig(SDL2_image)	devpkg-SDL2_image
pkgconfig(SDL2_mixer)	devpkg-SDL2_mixer
pkgconfig(SDL2_net)	devpkg-SDL2_net
pkgconfig(SDL2_ttf)	devpkg-SDL2_ttf
pkgconfig(SDL_gfx)	devpkg-SDL_gfx
pkgconfig(SDL_image)	devpkg-SDL_image
pkgconfig(SDL_mixer)	devpkg-SDL_mixer
pkgconfig(SDL_net)	devpkg-SDL_net
pkgconfig(SDL_ttf)	devpkg-SDL_ttf
pkgconfig(SPIRV-Tools)	devpkg-SPIRV-Tools
pkgconfig(SvtAv1Dec)	devpkg-SVT-AV1
pkgconfig(SvtAv1Enc)	devpkg-SVT-AV1
pkgconfig(absl_algorithm)	devpkg-abseil-cpp
pkgconfig(absl_algorithm_container)	devpkg-abseil-cpp
pkgconfig(absl_any_invocable)	devpkg-abseil-cpp
pkgconfig(absl_atomic_hook)	devpkg-abseil-cpp
pkgconfig(absl_bad_optional_access)	devpkg-abseil-cpp
pkgconfig(absl_bad_variant_access)	devpkg-abseil-cpp
pkgconfig(absl_base)	devpkg-abseil-cpp
pkgconfig(absl_base_internal)	devpkg-abseil-cpp
pkgconfig(absl_bind_front)	devpkg-abseil-cpp
pkgconfig(absl_bits)	devpkg-abseil-cpp
pkgconfig(absl_city)	devpkg-abseil-cpp
pkgconfig(absl_civil_time)	devpkg-abseil-cpp
pkgconfig(absl_cleanup)	devpkg-abseil-cpp
pkgconfig(absl_cleanup_internal)	devpkg-abseil-cpp
pkgconfig(absl_common_policy_traits)	devpkg-abseil-cpp
pkgconfig(absl_compressed_tuple)	devpkg-abseil-cpp
pkgconfig(absl_config)	devpkg-abseil-cpp
pkgconfig(absl_container_common)	devpkg-abseil-cpp
pkgconfig(absl_container_memory)	devpkg-abseil-cpp
pkgconfig(absl_cord)	devpkg-abseil-cpp
pkgconfig(absl_cord_internal)	devpkg-abseil-cpp
pkgconfig(absl_cordz_functions)	devpkg-abseil-cpp
pkgconfig(absl_cordz_handle)	devpkg-abseil-cpp
pkgconfig(absl_cordz_info)	devpkg-abseil-cpp
pkgconfig(absl_cordz_statistics)	devpkg-abseil-cpp
pkgconfig(absl_cordz_update_scope)	devpkg-abseil-cpp
pkgconfig(absl_cordz_update_tracker)	devpkg-abseil-cpp
pkgconfig(absl_core_headers)	devpkg-abseil-cpp
pkgconfig(absl_crc32c)	devpkg-abseil-cpp
pkgconfig(absl_crc_cord_state)	devpkg-abseil-cpp
pkgconfig(absl_crc_cpu_detect)	devpkg-abseil-cpp
pkgconfig(absl_crc_internal)	devpkg-abseil-cpp
pkgconfig(absl_debugging_internal)	devpkg-abseil-cpp
pkgconfig(absl_demangle_internal)	devpkg-abseil-cpp
pkgconfig(absl_dynamic_annotations)	devpkg-abseil-cpp
pkgconfig(absl_endian)	devpkg-abseil-cpp
pkgconfig(absl_errno_saver)	devpkg-abseil-cpp
pkgconfig(absl_exponential_biased)	devpkg-abseil-cpp
pkgconfig(absl_fast_type_id)	devpkg-abseil-cpp
pkgconfig(absl_fixed_array)	devpkg-abseil-cpp
pkgconfig(absl_flags)	devpkg-abseil-cpp
pkgconfig(absl_flags_commandlineflag)	devpkg-abseil-cpp
pkgconfig(absl_flags_commandlineflag_internal)	devpkg-abseil-cpp
pkgconfig(absl_flags_config)	devpkg-abseil-cpp
pkgconfig(absl_flags_internal)	devpkg-abseil-cpp
pkgconfig(absl_flags_marshalling)	devpkg-abseil-cpp
pkgconfig(absl_flags_path_util)	devpkg-abseil-cpp
pkgconfig(absl_flags_private_handle_accessor)	devpkg-abseil-cpp
pkgconfig(absl_flags_program_name)	devpkg-abseil-cpp
pkgconfig(absl_flags_reflection)	devpkg-abseil-cpp
pkgconfig(absl_flat_hash_map)	devpkg-abseil-cpp
pkgconfig(absl_flat_hash_set)	devpkg-abseil-cpp
pkgconfig(absl_function_ref)	devpkg-abseil-cpp
pkgconfig(absl_graphcycles_internal)	devpkg-abseil-cpp
pkgconfig(absl_hash)	devpkg-abseil-cpp
pkgconfig(absl_hash_function_defaults)	devpkg-abseil-cpp
pkgconfig(absl_hash_policy_traits)	devpkg-abseil-cpp
pkgconfig(absl_hashtable_debug_hooks)	devpkg-abseil-cpp
pkgconfig(absl_hashtablez_sampler)	devpkg-abseil-cpp
pkgconfig(absl_inlined_vector)	devpkg-abseil-cpp
pkgconfig(absl_inlined_vector_internal)	devpkg-abseil-cpp
pkgconfig(absl_int128)	devpkg-abseil-cpp
pkgconfig(absl_kernel_timeout_internal)	devpkg-abseil-cpp
pkgconfig(absl_layout)	devpkg-abseil-cpp
pkgconfig(absl_log_severity)	devpkg-abseil-cpp
pkgconfig(absl_low_level_hash)	devpkg-abseil-cpp
pkgconfig(absl_malloc_internal)	devpkg-abseil-cpp
pkgconfig(absl_memory)	devpkg-abseil-cpp
pkgconfig(absl_meta)	devpkg-abseil-cpp
pkgconfig(absl_non_temporal_arm_intrinsics)	devpkg-abseil-cpp
pkgconfig(absl_non_temporal_memcpy)	devpkg-abseil-cpp
pkgconfig(absl_numeric_representation)	devpkg-abseil-cpp
pkgconfig(absl_optional)	devpkg-abseil-cpp
pkgconfig(absl_prefetch)	devpkg-abseil-cpp
pkgconfig(absl_random_distributions)	devpkg-abseil-cpp
pkgconfig(absl_random_internal_distribution_caller)	devpkg-abseil-cpp
pkgconfig(absl_random_internal_fast_uniform_bits)	devpkg-abseil-cpp
pkgconfig(absl_random_internal_fastmath)	devpkg-abseil-cpp
pkgconfig(absl_random_internal_generate_real)	devpkg-abseil-cpp
pkgconfig(absl_random_internal_iostream_state_saver)	devpkg-abseil-cpp
pkgconfig(absl_random_internal_nonsecure_base)	devpkg-abseil-cpp
pkgconfig(absl_random_internal_pcg_engine)	devpkg-abseil-cpp
pkgconfig(absl_random_internal_platform)	devpkg-abseil-cpp
pkgconfig(absl_random_internal_pool_urbg)	devpkg-abseil-cpp
pkgconfig(absl_random_internal_randen)	devpkg-abseil-cpp
pkgconfig(absl_random_internal_randen_engine)	devpkg-abseil-cpp
pkgconfig(absl_random_internal_randen_hwaes)	devpkg-abseil-cpp
pkgconfig(absl_random_internal_randen_hwaes_impl)	devpkg-abseil-cpp
pkgconfig(absl_random_internal_randen_slow)	devpkg-abseil-cpp
pkgconfig(absl_random_internal_salted_seed_seq)	devpkg-abseil-cpp
pkgconfig(absl_random_internal_seed_material)	devpkg-abseil-cpp
pkgconfig(absl_random_internal_traits)	devpkg-abseil-cpp
pkgconfig(absl_random_internal_uniform_helper)	devpkg-abseil-cpp
pkgconfig(absl_random_internal_wide_multiply)	devpkg-abseil-cpp
pkgconfig(absl_random_random)	devpkg-abseil-cpp
pkgconfig(absl_random_seed_gen_exception)	devpkg-abseil-cpp
pkgconfig(absl_random_seed_sequences)	devpkg-abseil-cpp
pkgconfig(absl_raw_hash_map)	devpkg-abseil-cpp
pkgconfig(absl_raw_hash_set)	devpkg-abseil-cpp
pkgconfig(absl_raw_logging_internal)	devpkg-abseil-cpp
pkgconfig(absl_sample_recorder)	devpkg-abseil-cpp
pkgconfig(absl_span)	devpkg-abseil-cpp
pkgconfig(absl_spinlock_wait)	devpkg-abseil-cpp
pkgconfig(absl_stacktrace)	devpkg-abseil-cpp
pkgconfig(absl_status)	devpkg-abseil-cpp
pkgconfig(absl_statusor)	devpkg-abseil-cpp
pkgconfig(absl_str_format)	devpkg-abseil-cpp
pkgconfig(absl_str_format_internal)	devpkg-abseil-cpp
pkgconfig(absl_strerror)	devpkg-abseil-cpp
pkgconfig(absl_strings)	devpkg-abseil-cpp
pkgconfig(absl_strings_internal)	devpkg-abseil-cpp
pkgconfig(absl_symbolize)	devpkg-abseil-cpp
pkgconfig(absl_synchronization)	devpkg-abseil-cpp
pkgconfig(absl_throw_delegate)	devpkg-abseil-cpp
pkgconfig(absl_time)	devpkg-abseil-cpp
pkgconfig(absl_time_zone)	devpkg-abseil-cpp
pkgconfig(absl_type_traits)	devpkg-abseil-cpp
pkgconfig(absl_utility)	devpkg-abseil-cpp
pkgconfig(absl_variant)	devpkg-abseil-cpp
pkgconfig(accountsservice)	devpkg-accountsservice
pkgconfig(adwaita-icon-theme)	devpkg-adwaita-icon-theme
pkgconfig(alsa)	devpkg-alsa-lib
pkgconfig(alsa-topology)	devpkg-alsa-lib
pkgconfig(applewmproto)	devpkg-xorgproto
pkgconfig(appstream)	devpkg-appstream
pkgconfig(appstream-glib)	devpkg-appstream-glib
pkgconfig(apr-1)	devpkg-apr
pkgconfig(apr-util-1)	devpkg-apr-util
pkgconfig(assimp)	devpkg-assimp
pkgconfig(atk)	devpkg-at-spi2-core
pkgconfig(atk-bridge-2.0)	devpkg-at-spi2-core
pkgconfig(atkmm-1.6)	devpkg-compat-atkmm-soname16
pkgconfig(atomic_ops)	devpkg-libatomic_ops
pkgconfig(atspi-2)	devpkg-at-spi2-core
pkgconfig(audit)	devpkg-audit
pkgconfig(auparse)	devpkg-audit
pkgconfig(avahi-client)	devpkg-avahi
pkgconfig(avahi-compat-libdns_sd)	devpkg-avahi
pkgconfig(avahi-core)	devpkg-avahi
pkgconfig(avahi-glib)	devpkg-avahi
pkgconfig(avahi-gobject)	devpkg-avahi
pkgconfig(avahi-libevent)	devpkg-avahi
pkgconfig(avahi-qt5)	devpkg-avahi
pkgconfig(avtp)	devpkg-libavtp
pkgconfig(babeltrace)	devpkg-compat-babeltrace-one
pkgconfig(babeltrace-ctf)	devpkg-compat-babeltrace-one
pkgconfig(babeltrace2)	devpkg-babeltrace
pkgconfig(babeltrace2-ctf-writer)	devpkg-babeltrace
pkgconfig(babl-0.1)	devpkg-babl
pkgconfig(bash-completion)	devpkg-bash-completion
pkgconfig(basicobjects)	devpkg-ding-libs
pkgconfig(bigreqsproto)	devpkg-xorgproto
pkgconfig(blkid)	devpkg-util-linux
pkgconfig(blockdev)	devpkg-libblockdev
pkgconfig(blockdev-utils)	devpkg-libblockdev
pkgconfig(bluez)	devpkg-bluez
pkgconfig(botan-2)	devpkg-Botan
pkgconfig(bsdiff)	devpkg-bsdiff
pkgconfig(bytesize)	devpkg-libbytesize
pkgconfig(bzip2)	devpkg-bzip2
pkgconfig(cairo)	devpkg-cairo
pkgconfig(cairo-gobject)	devpkg-cairo
pkgconfig(cairo-xlib)	devpkg-cairo
pkgconfig(cairomm-1.0)	devpkg-compat-cairomm-soname10
pkgconfig(camel-1.2)	devpkg-evolution-data-server
pkgconfig(capnp)	devpkg-capnproto
pkgconfig(capnp-json)	devpkg-capnproto
pkgconfig(capnp-rpc)	devpkg-capnproto
pkgconfig(capstone)	devpkg-capstone
pkgconfig(cfitsio)	devpkg-cfitsio
pkgconfig(check)	devpkg-check
pkgconfig(cheese)	devpkg-cheese
pkgconfig(cheese-gtk)	devpkg-cheese
pkgconfig(cloudproviders)	devpkg-libcloudproviders
pkgconfig(clutter-1.0)	devpkg-clutter
pkgconfig(clutter-gst-3.0)	devpkg-clutter-gst
pkgconfig(clutter-gtk-1.0)	devpkg-clutter-gtk
pkgconfig(cmocka)	devpkg-cmocka
pkgconfig(cogl-1.0)	devpkg-cogl
pkgconfig(cogl-2.0-experimental)	devpkg-cogl
pkgconfig(cogl-pango-1.0)	devpkg-cogl
pkgconfig(cogl-path-1.0)	devpkg-cogl
pkgconfig(collection)	devpkg-ding-libs
pkgconfig(colord)	devpkg-colord
pkgconfig(colord-gtk)	devpkg-colord-gtk
pkgconfig(colord-gtk4)	devpkg-colord-gtk
pkgconfig(colorhug)	devpkg-colord
pkgconfig(com_err)	devpkg-e2fsprogs
pkgconfig(compositeproto)	devpkg-xorgproto
pkgconfig(corosync)	devpkg-corosync
pkgconfig(cppunit)	devpkg-cppunit
pkgconfig(cunit)	devpkg-CUnit
pkgconfig(cups)	devpkg-cups
pkgconfig(damageproto)	devpkg-xorgproto
pkgconfig(datrie-0.2)	devpkg-libdatrie
pkgconfig(dav1d)	devpkg-dav1d
pkgconfig(dbus-1)	devpkg-dbus
pkgconfig(dbus-glib-1)	devpkg-dbus-glib
pkgconfig(dbus-python)	devpkg-dbus-python
pkgconfig(dbusmenu-qt5)	devpkg-libdbusmenu-qt
pkgconfig(dcerpc)	devpkg-samba
pkgconfig(dcerpc_samr)	devpkg-samba
pkgconfig(dcerpc_server)	devpkg-samba
pkgconfig(dconf)	devpkg-dconf
pkgconfig(devmapper)	devpkg-LVM2
pkgconfig(devmapper-event)	devpkg-LVM2
pkgconfig(dhash)	devpkg-ding-libs
pkgconfig(dmx)	devpkg-libdmx
pkgconfig(dmxproto)	devpkg-xorgproto
pkgconfig(dpmsproto)	devpkg-xorgproto
pkgconfig(dri2proto)	devpkg-xorgproto
pkgconfig(dri3proto)	devpkg-xorgproto
pkgconfig(duktape)	devpkg-duktape
pkgconfig(e2p)	devpkg-e2fsprogs
pkgconfig(efiboot)	devpkg-efivar
pkgconfig(efivar)	devpkg-efivar
pkgconfig(egl)	devpkg-libglvnd
pkgconfig(eigen3)	devpkg-eigen
pkgconfig(ell)	devpkg-ell
pkgconfig(enchant)	devpkg-compat-enchant-soname1
pkgconfig(enchant-2)	devpkg-enchant
pkgconfig(epoxy)	devpkg-libepoxy
pkgconfig(evolution-mail-3.0)	devpkg-evolution
pkgconfig(evolution-shell-3.0)	devpkg-evolution
pkgconfig(exiv2)	devpkg-exiv2
pkgconfig(exo-2)	devpkg-exo
pkgconfig(expat)	devpkg-expat
pkgconfig(ext2fs)	devpkg-e2fsprogs
pkgconfig(fann)	devpkg-fann
pkgconfig(fdisk)	devpkg-util-linux
pkgconfig(fftw3)	devpkg-fftw
pkgconfig(fftw3f)	devpkg-fftw
pkgconfig(fftw3l)	devpkg-fftw
pkgconfig(fixesproto)	devpkg-xorgproto
pkgconfig(flac)	devpkg-flac
pkgconfig(flac++)	devpkg-flac
pkgconfig(flatpak)	devpkg-flatpak
pkgconfig(fmt)	devpkg-fmt
pkgconfig(fontconfig)	devpkg-fontconfig
pkgconfig(fontenc)	devpkg-libfontenc
pkgconfig(fontsproto)	devpkg-xorgproto
pkgconfig(fontutil)	devpkg-font-util
pkgconfig(formw)	devpkg-ncurses
pkgconfig(freetype2)	devpkg-freetype
pkgconfig(fribidi)	devpkg-fribidi
pkgconfig(fuse)	devpkg-compat-fuse-soname2
pkgconfig(fuse3)	devpkg-fuse
pkgconfig(fwupd)	devpkg-fwupd
pkgconfig(gail)	devpkg-gtkplus
pkgconfig(gail-3.0)	devpkg-gtk3
pkgconfig(garcon-1)	devpkg-garcon
pkgconfig(garcon-gtk3-1)	devpkg-garcon
pkgconfig(gbm)	devpkg-mesa
pkgconfig(gck-1)	devpkg-compat-gcr-soname1
pkgconfig(gck-2)	devpkg-gcr
pkgconfig(gconf-2.0)	devpkg-GConf
pkgconfig(gcr-3)	devpkg-compat-gcr-soname1
pkgconfig(gcr-4)	devpkg-gcr
pkgconfig(gcr-base-3)	devpkg-compat-gcr-soname1
pkgconfig(gcr-ui-3)	devpkg-compat-gcr-soname1
pkgconfig(gdal)	devpkg-gdal
pkgconfig(gdk-2.0)	devpkg-gtkplus
pkgconfig(gdk-3.0)	devpkg-gtk3
pkgconfig(gdk-pixbuf-2.0)	devpkg-gdk-pixbuf
pkgconfig(gdk-pixbuf-xlib-2.0)	devpkg-gdk-pixbuf-xlib
pkgconfig(gdk-wayland-3.0)	devpkg-gtk3
pkgconfig(gdk-x11-2.0)	devpkg-gtkplus
pkgconfig(gdk-x11-3.0)	devpkg-gtk3
pkgconfig(gdkmm-3.0)	devpkg-gtkmm3
pkgconfig(gdlib)	devpkg-libgd
pkgconfig(gdm)	devpkg-gdm
pkgconfig(gdm-pam-extensions)	devpkg-gdm
pkgconfig(geany)	devpkg-geany
pkgconfig(gee-0.8)	devpkg-libgee
pkgconfig(gegl-0.4)	devpkg-gegl
pkgconfig(gegl-sc-0.4)	devpkg-gegl
pkgconfig(geoclue-2.0)	devpkg-geoclue
pkgconfig(geocode-glib-2.0)	devpkg-geocode-glib
pkgconfig(geos)	devpkg-geos
pkgconfig(gexiv2)	devpkg-gexiv2
pkgconfig(gflags)	devpkg-gflags
pkgconfig(gi-docgen)	devpkg-gi-docgen
pkgconfig(gimp-2.0)	devpkg-gimp
pkgconfig(gimpthumb-2.0)	devpkg-gimp
pkgconfig(gimpui-2.0)	devpkg-gimp
pkgconfig(gio-2.0)	devpkg-glib
pkgconfig(gio-unix-2.0)	devpkg-glib
pkgconfig(giomm-2.4)	devpkg-compat-glibmm-soname24
pkgconfig(gjs-1.0)	devpkg-gjs
pkgconfig(gl)	devpkg-libglvnd
pkgconfig(glesv1_cm)	devpkg-libglvnd
pkgconfig(glesv2)	devpkg-libglvnd
pkgconfig(glew)	devpkg-glew
pkgconfig(glfw3)	devpkg-glfw
pkgconfig(glib-2.0)	devpkg-glib
pkgconfig(glibmm-2.4)	devpkg-compat-glibmm-soname24
pkgconfig(glproto)	devpkg-xorgproto
pkgconfig(glu)	devpkg-glu
pkgconfig(glusterfs-api)	devpkg-glusterfs
pkgconfig(glut)	devpkg-freeglut
pkgconfig(glx)	devpkg-libglvnd
pkgconfig(gmime-3.0)	devpkg-gmime
pkgconfig(gmock)	devpkg-googletest
pkgconfig(gmock_main)	devpkg-googletest
pkgconfig(gmodule-2.0)	devpkg-glib
pkgconfig(gmodule-export-2.0)	devpkg-glib
pkgconfig(gmodule-no-export-2.0)	devpkg-glib
pkgconfig(gmp)	devpkg-gmp
pkgconfig(gmpxx)	devpkg-gmp
pkgconfig(gnome-autoar-0)	devpkg-gnome-autoar
pkgconfig(gnome-autoar-gtk-0)	devpkg-gnome-autoar
pkgconfig(gnome-bg-4)	devpkg-gnome-desktop
pkgconfig(gnome-bluetooth-1.0)	devpkg-compat-gnome-bluetooth-soname-13
pkgconfig(gnome-desktop-3.0)	devpkg-gnome-desktop
pkgconfig(gnome-desktop-4)	devpkg-gnome-desktop
pkgconfig(gnome-icon-theme)	devpkg-gnome-icon-theme
pkgconfig(gnome-keybindings)	devpkg-gnome-control-center
pkgconfig(gnome-rr-4)	devpkg-gnome-desktop
pkgconfig(gnome-settings-daemon)	devpkg-gnome-settings-daemon
pkgconfig(gnome-software)	devpkg-gnome-software
pkgconfig(gnome-video-effects)	devpkg-gnome-video-effects
pkgconfig(gnutls)	devpkg-gnutls
pkgconfig(goa-1.0)	devpkg-gnome-online-accounts
pkgconfig(goa-backend-1.0)	devpkg-gnome-online-accounts
pkgconfig(gobject-2.0)	devpkg-glib
pkgconfig(gobject-introspection-1.0)	devpkg-gobject-introspection
pkgconfig(gobject-introspection-no-export-1.0)	devpkg-gobject-introspection
pkgconfig(gpg-error)	devpkg-libgpg-error
pkgconfig(gpgme)	devpkg-gpgme
pkgconfig(gpgme-glib)	devpkg-gpgme
pkgconfig(gpr)	devpkg-grpc
pkgconfig(graphene-1.0)	devpkg-graphene
pkgconfig(graphene-gobject-1.0)	devpkg-graphene
pkgconfig(graphite2)	devpkg-graphite
pkgconfig(grilo-0.3)	devpkg-grilo
pkgconfig(grilo-net-0.3)	devpkg-grilo
pkgconfig(grilo-pls-0.3)	devpkg-grilo
pkgconfig(grilo-plugins-0.3)	devpkg-grilo-plugins
pkgconfig(grpc)	devpkg-grpc
pkgconfig(grpc++)	devpkg-grpc
pkgconfig(grpc++_unsecure)	devpkg-grpc
pkgconfig(grpc_unsecure)	devpkg-grpc
pkgconfig(gsettings-desktop-schemas)	devpkg-gsettings-desktop-schemas
pkgconfig(gsl)	devpkg-gsl
pkgconfig(gsound)	devpkg-gsound
pkgconfig(gspell-1)	devpkg-gspell
pkgconfig(gssrpc)	devpkg-krb5
pkgconfig(gstreamer-1.0)	devpkg-gstreamer
pkgconfig(gstreamer-allocators-1.0)	devpkg-gst-plugins-base
pkgconfig(gstreamer-app-1.0)	devpkg-gst-plugins-base
pkgconfig(gstreamer-audio-1.0)	devpkg-gst-plugins-base
pkgconfig(gstreamer-bad-audio-1.0)	devpkg-gst-plugins-bad
pkgconfig(gstreamer-base-1.0)	devpkg-gstreamer
pkgconfig(gstreamer-check-1.0)	devpkg-gstreamer
pkgconfig(gstreamer-codecparsers-1.0)	devpkg-gst-plugins-bad
pkgconfig(gstreamer-controller-1.0)	devpkg-gstreamer
pkgconfig(gstreamer-fft-1.0)	devpkg-gst-plugins-base
pkgconfig(gstreamer-gl-1.0)	devpkg-gst-plugins-base
pkgconfig(gstreamer-insertbin-1.0)	devpkg-gst-plugins-bad
pkgconfig(gstreamer-mpegts-1.0)	devpkg-gst-plugins-bad
pkgconfig(gstreamer-net-1.0)	devpkg-gstreamer
pkgconfig(gstreamer-pbutils-1.0)	devpkg-gst-plugins-base
pkgconfig(gstreamer-play-1.0)	devpkg-gst-plugins-bad
pkgconfig(gstreamer-player-1.0)	devpkg-gst-plugins-bad
pkgconfig(gstreamer-plugins-bad-1.0)	devpkg-gst-plugins-bad
pkgconfig(gstreamer-plugins-base-1.0)	devpkg-gst-plugins-base
pkgconfig(gstreamer-riff-1.0)	devpkg-gst-plugins-base
pkgconfig(gstreamer-rtp-1.0)	devpkg-gst-plugins-base
pkgconfig(gstreamer-rtsp-1.0)	devpkg-gst-plugins-base
pkgconfig(gstreamer-sctp-1.0)	devpkg-gst-plugins-bad
pkgconfig(gstreamer-sdp-1.0)	devpkg-gst-plugins-base
pkgconfig(gstreamer-tag-1.0)	devpkg-gst-plugins-base
pkgconfig(gstreamer-video-1.0)	devpkg-gst-plugins-base
pkgconfig(gstreamer-webrtc-1.0)	devpkg-gst-plugins-bad
pkgconfig(gtest)	devpkg-googletest
pkgconfig(gtest_main)	devpkg-googletest
pkgconfig(gthread-2.0)	devpkg-glib
pkgconfig(gtk+-2.0)	devpkg-gtkplus
pkgconfig(gtk+-3.0)	devpkg-gtk3
pkgconfig(gtk+-unix-print-2.0)	devpkg-gtkplus
pkgconfig(gtk+-unix-print-3.0)	devpkg-gtk3
pkgconfig(gtk+-wayland-3.0)	devpkg-gtk3
pkgconfig(gtk+-x11-2.0)	devpkg-gtkplus
pkgconfig(gtk+-x11-3.0)	devpkg-gtk3
pkgconfig(gtk-doc)	devpkg-gtk-doc
pkgconfig(gtk4)	devpkg-gtk4
pkgconfig(gtk4-unix-print)	devpkg-gtk4
pkgconfig(gtk4-wayland)	devpkg-gtk4
pkgconfig(gtk4-x11)	devpkg-gtk4
pkgconfig(gtkmm-3.0)	devpkg-gtkmm3
pkgconfig(gtksourceview-3.0)	devpkg-compat-gtksourceview-soname3
pkgconfig(gtksourceview-5)	devpkg-gtksourceview
pkgconfig(gtkspell3-3.0)	devpkg-gtkspell3
pkgconfig(gudev-1.0)	devpkg-libgudev
pkgconfig(gusb)	devpkg-libgusb
pkgconfig(gutenprint)	devpkg-gutenprint
pkgconfig(gutenprintui2)	devpkg-gutenprint
pkgconfig(gweather4)	devpkg-libgweather
pkgconfig(harfbuzz)	devpkg-harfbuzz
pkgconfig(harfbuzz-cairo)	devpkg-harfbuzz
pkgconfig(harfbuzz-gobject)	devpkg-harfbuzz
pkgconfig(harfbuzz-icu)	devpkg-harfbuzz
pkgconfig(harfbuzz-subset)	devpkg-harfbuzz
pkgconfig(history)	devpkg-readline
pkgconfig(hogweed)	devpkg-nettle
pkgconfig(hunspell)	devpkg-hunspell
pkgconfig(hwloc)	devpkg-hwloc
pkgconfig(i915-perf)	devpkg-igt-gpu-tools
pkgconfig(ibus-table)	devpkg-ibus-table
pkgconfig(ice)	devpkg-libX11
pkgconfig(icon-naming-utils)	devpkg-icon-naming-utils
pkgconfig(icu-i18n)	devpkg-icu4c
pkgconfig(icu-io)	devpkg-icu4c
pkgconfig(icu-uc)	devpkg-icu4c
pkgconfig(igdgmm)	devpkg-intel-gmmlib
pkgconfig(igfxcmrt)	devpkg-intel-media-driver
pkgconfig(ini_config)	devpkg-ding-libs
pkgconfig(inih)	devpkg-inih
pkgconfig(inputproto)	devpkg-xorgproto
pkgconfig(intel-gen4asm)	devpkg-igt-gpu-tools
pkgconfig(iso-codes)	devpkg-iso-codes
pkgconfig(jack)	devpkg-jack2
pkgconfig(jags)	devpkg-JAGS
pkgconfig(jansson)	devpkg-jansson
pkgconfig(javascriptcoregtk-4.1)	devpkg-webkitgtk
pkgconfig(jcat)	devpkg-libjcat
pkgconfig(jemalloc)	devpkg-jemalloc
pkgconfig(json-c)	devpkg-json-c
pkgconfig(json-glib-1.0)	devpkg-json-glib
pkgconfig(jsoncpp)	devpkg-jsoncpp
pkgconfig(kadm-client)	devpkg-krb5
pkgconfig(kadm-server)	devpkg-krb5
pkgconfig(kbproto)	devpkg-xorgproto
pkgconfig(kdb)	devpkg-krb5
pkgconfig(kj)	devpkg-capnproto
pkgconfig(kj-async)	devpkg-capnproto
pkgconfig(kj-gzip)	devpkg-capnproto
pkgconfig(kj-http)	devpkg-capnproto
pkgconfig(kj-test)	devpkg-capnproto
pkgconfig(kj-tls)	devpkg-capnproto
pkgconfig(kpathsea)	devpkg-texlive
pkgconfig(krb5)	devpkg-krb5
pkgconfig(krb5-gssapi)	devpkg-krb5
pkgconfig(ksba)	devpkg-libksba
pkgconfig(kyotocabinet)	devpkg-kyotocabinet
pkgconfig(lcms2)	devpkg-lcms2
pkgconfig(ldb)	devpkg-ldb
pkgconfig(lensfun)	devpkg-lensfun
pkgconfig(lept)	devpkg-leptonica
pkgconfig(libKActivities)	devpkg-kactivities
pkgconfig(libKF5Attica)	devpkg-attica
pkgconfig(libR)	devpkg-R
pkgconfig(libabigail)	devpkg-libabigail
pkgconfig(libacl)	devpkg-acl
pkgconfig(libadwaita-1)	devpkg-libadwaita
pkgconfig(libarchive)	devpkg-libarchive
pkgconfig(libargon2)	devpkg-argon2
pkgconfig(libass)	devpkg-libass
pkgconfig(libassuan)	devpkg-libassuan
pkgconfig(libatasmart)	devpkg-libatasmart
pkgconfig(libattr)	devpkg-attr
pkgconfig(libavcodec)	devpkg-not-ffmpeg
pkgconfig(libavdevice)	devpkg-not-ffmpeg
pkgconfig(libavfilter)	devpkg-not-ffmpeg
pkgconfig(libavformat)	devpkg-not-ffmpeg
pkgconfig(libavif)	devpkg-libavif
pkgconfig(libavutil)	devpkg-not-ffmpeg
pkgconfig(libbcc)	devpkg-bcc
pkgconfig(libbpf)	devpkg-libbpf
pkgconfig(libbrotlicommon)	devpkg-brotli
pkgconfig(libbrotlidec)	devpkg-brotli
pkgconfig(libbrotlienc)	devpkg-brotli
pkgconfig(libbsd)	devpkg-libbsd
pkgconfig(libbtrfsutil)	devpkg-btrfs-progs
pkgconfig(libburn-1)	devpkg-libburn
pkgconfig(libcacard)	devpkg-libcacard
pkgconfig(libcanberra)	devpkg-libcanberra
pkgconfig(libcanberra-gtk)	devpkg-libcanberra
pkgconfig(libcanberra-gtk3)	devpkg-libcanberra
pkgconfig(libcap)	devpkg-libcap
pkgconfig(libcap-ng)	devpkg-libcap-ng
pkgconfig(libcares)	devpkg-c-ares
pkgconfig(libcbor)	devpkg-libcbor
pkgconfig(libcdio)	devpkg-libcdio
pkgconfig(libcdio++)	devpkg-libcdio
pkgconfig(libcdt)	devpkg-graphviz
pkgconfig(libcfg)	devpkg-corosync
pkgconfig(libcgraph)	devpkg-graphviz
pkgconfig(libcgroup)	devpkg-libcgroup
pkgconfig(libcjson)	devpkg-cJSON
pkgconfig(libclc)	devpkg-libclc
pkgconfig(libcmap)	devpkg-corosync
pkgconfig(libcmrt)	devpkg-cmrt
pkgconfig(libconfig)	devpkg-libconfig
pkgconfig(libconfig++)	devpkg-libconfig
pkgconfig(libconfuse)	devpkg-confuse
pkgconfig(libcorosync_common)	devpkg-corosync
pkgconfig(libcpg)	devpkg-corosync
pkgconfig(libcppunit_subunit)	devpkg-subunit
pkgconfig(libcroco-0.6)	devpkg-libcroco
pkgconfig(libcrypto)	devpkg-openssl
pkgconfig(libcryptsetup)	devpkg-cryptsetup
pkgconfig(libcupsfilters)	devpkg-cups-filters
pkgconfig(libcurl)	devpkg-curl
pkgconfig(libdaemon)	devpkg-libdaemon
pkgconfig(libdaxctl)	devpkg-ndctl
pkgconfig(libdazzle-1.0)	devpkg-libdazzle
pkgconfig(libdmmp)	devpkg-multipath-tools
pkgconfig(libdpdk)	devpkg-dpdk
pkgconfig(libdpdk-libs)	devpkg-dpdk
pkgconfig(libdrm)	devpkg-libdrm
pkgconfig(libdrm_amdgpu)	devpkg-libdrm
pkgconfig(libdrm_intel)	devpkg-libdrm
pkgconfig(libdrm_nouveau)	devpkg-libdrm
pkgconfig(libdrm_radeon)	devpkg-libdrm
pkgconfig(libdvbv5)	devpkg-v4l-utils
pkgconfig(libdw)	devpkg-elfutils
pkgconfig(libebackend-1.2)	devpkg-evolution-data-server
pkgconfig(libebook-1.2)	devpkg-evolution-data-server
pkgconfig(libebook-contacts-1.2)	devpkg-evolution-data-server
pkgconfig(libecal-2.0)	devpkg-evolution-data-server
pkgconfig(libeconf)	devpkg-libeconf
pkgconfig(libecpg)	devpkg-postgresql
pkgconfig(libecpg_compat)	devpkg-postgresql
pkgconfig(libedata-book-1.2)	devpkg-evolution-data-server
pkgconfig(libedata-cal-2.0)	devpkg-evolution-data-server
pkgconfig(libedataserver-1.2)	devpkg-evolution-data-server
pkgconfig(libedataserverui-1.2)	devpkg-evolution-data-server
pkgconfig(libedit)	devpkg-libedit
pkgconfig(libefa)	devpkg-rdma-core
pkgconfig(libelf)	devpkg-elfutils
pkgconfig(libemail-engine)	devpkg-evolution
pkgconfig(libevdev)	devpkg-libevdev
pkgconfig(libevent)	devpkg-libevent
pkgconfig(libevent_core)	devpkg-libevent
pkgconfig(libevent_extra)	devpkg-libevent
pkgconfig(libevent_openssl)	devpkg-libevent
pkgconfig(libevent_pthreads)	devpkg-libevent
pkgconfig(libexif)	devpkg-libexif
pkgconfig(libexslt)	devpkg-libxslt
pkgconfig(libffi)	devpkg-libffi
pkgconfig(libfido2)	devpkg-libfido2
pkgconfig(libfontembed)	devpkg-cups-filters
pkgconfig(libgcab-1.0)	devpkg-gcab
pkgconfig(libgcrypt)	devpkg-libgcrypt
pkgconfig(libgdata)	devpkg-libgdata
pkgconfig(libgeoclue-2.0)	devpkg-geoclue
pkgconfig(libgfchangelog)	devpkg-glusterfs
pkgconfig(libgit2)	devpkg-libgit2
pkgconfig(libglog)	devpkg-glog
pkgconfig(libglvnd)	devpkg-libglvnd
pkgconfig(libgnome-menu-3.0)	devpkg-gnome-menus
pkgconfig(libgnome-panel)	devpkg-gnome-panel
pkgconfig(libgnomekbd)	devpkg-libgnomekbd
pkgconfig(libgnomekbdui)	devpkg-libgnomekbd
pkgconfig(libgphoto2)	devpkg-libgphoto2
pkgconfig(libgphoto2_port)	devpkg-libgphoto2
pkgconfig(libgsystem)	devpkg-libgsystem
pkgconfig(libgtop-2.0)	devpkg-libgtop
pkgconfig(libgvc)	devpkg-graphviz
pkgconfig(libgvpr)	devpkg-graphviz
pkgconfig(libhandy-1)	devpkg-libhandy
pkgconfig(libibmad)	devpkg-rdma-core
pkgconfig(libibnetdisc)	devpkg-rdma-core
pkgconfig(libibumad)	devpkg-rdma-core
pkgconfig(libibverbs)	devpkg-rdma-core
pkgconfig(libical)	devpkg-libical
pkgconfig(libical-glib)	devpkg-libical
pkgconfig(libidn)	devpkg-libidn
pkgconfig(libidn2)	devpkg-libidn2
pkgconfig(libinput)	devpkg-libinput
pkgconfig(libip4tc)	devpkg-iptables
pkgconfig(libip6tc)	devpkg-iptables
pkgconfig(libipmctl)	devpkg-ipmctl
pkgconfig(libipset)	devpkg-ipset
pkgconfig(libiptc)	devpkg-iptables
pkgconfig(libisal)	devpkg-isa-l
pkgconfig(libiscsi)	devpkg-libiscsi
pkgconfig(libisns)	devpkg-open-isns
pkgconfig(libiso9660)	devpkg-libcdio
pkgconfig(libiso9660++)	devpkg-libcdio
pkgconfig(libisofs-1)	devpkg-libisofs
pkgconfig(libjpeg)	devpkg-libjpeg-turbo
pkgconfig(libkcapi)	devpkg-libkcapi
pkgconfig(libkeyutils)	devpkg-keyutils
pkgconfig(libkmod)	devpkg-kmod
pkgconfig(libknet)	devpkg-kronosnet
pkgconfig(liblab_gamut)	devpkg-graphviz
pkgconfig(liblur)	devpkg-libratbag
pkgconfig(liblz4)	devpkg-lz4
pkgconfig(liblzma)	devpkg-xz
pkgconfig(libmagic)	devpkg-file
pkgconfig(libmana)	devpkg-rdma-core
pkgconfig(libmariadb)	devpkg-mariadb
pkgconfig(libmaxminddb)	devpkg-libmaxminddb
pkgconfig(libmd)	devpkg-metrics-discovery
pkgconfig(libmediaart-2.0)	devpkg-libmediaart
pkgconfig(libmetacity)	devpkg-metacity
pkgconfig(libmfx)	devpkg-mediasdk
pkgconfig(libmfxhw64)	devpkg-mediasdk
pkgconfig(libmicrohttpd)	devpkg-libmicrohttpd
pkgconfig(libmlx4)	devpkg-rdma-core
pkgconfig(libmlx5)	devpkg-rdma-core
pkgconfig(libmnl)	devpkg-libmnl
pkgconfig(libmpg123)	devpkg-mpg123
pkgconfig(libmspack)	devpkg-libmspack
pkgconfig(libmtp)	devpkg-libmtp
pkgconfig(libmypaint)	devpkg-libmypaint
pkgconfig(libnautilus-extension-4)	devpkg-nautilus
pkgconfig(libndctl)	devpkg-ndctl
pkgconfig(libndp)	devpkg-libndp
pkgconfig(libnetfilter_conntrack)	devpkg-libnetfilter_conntrack
pkgconfig(libnetfilter_cthelper)	devpkg-libnetfilter_cthelper
pkgconfig(libnetfilter_cttimeout)	devpkg-libnetfilter_cttimeout
pkgconfig(libnetfilter_queue)	devpkg-libnetfilter_queue
pkgconfig(libnewt)	devpkg-newt
pkgconfig(libnfnetlink)	devpkg-libnfnetlink
pkgconfig(libnfsidmap)	devpkg-nfs-utils
pkgconfig(libnftables)	devpkg-nftables
pkgconfig(libnftnl)	devpkg-libnftnl
pkgconfig(libnghttp2)	devpkg-nghttp2
pkgconfig(libnl-3.0)	devpkg-libnl
pkgconfig(libnl-cli-3.0)	devpkg-libnl
pkgconfig(libnl-genl-3.0)	devpkg-libnl
pkgconfig(libnl-idiag-3.0)	devpkg-libnl
pkgconfig(libnl-nf-3.0)	devpkg-libnl
pkgconfig(libnl-route-3.0)	devpkg-libnl
pkgconfig(libnl-xfrm-3.0)	devpkg-libnl
pkgconfig(libnm)	devpkg-NetworkManager
pkgconfig(libnma)	devpkg-libnma
pkgconfig(libnma-gtk4)	devpkg-libnma
pkgconfig(libnotify)	devpkg-libnotify
pkgconfig(libnozzle)	devpkg-kronosnet
pkgconfig(libnsl)	devpkg-libnsl
pkgconfig(libntfs-3g)	devpkg-ntfs-3g
pkgconfig(liboath)	devpkg-oath-toolkit
pkgconfig(libofproto)	devpkg-openvswitch
pkgconfig(libopeniscsiusr)	devpkg-open-iscsi
pkgconfig(libopenjp2)	devpkg-openjpeg
pkgconfig(libopenvswitch)	devpkg-openvswitch
pkgconfig(libosinfo-1.0)	devpkg-libosinfo
pkgconfig(libout123)	devpkg-mpg123
pkgconfig(libovsdb)	devpkg-openvswitch
pkgconfig(libpainter)	devpkg-xrdp
pkgconfig(libparted)	devpkg-parted
pkgconfig(libparted-fs-resize)	devpkg-parted
pkgconfig(libpathplan)	devpkg-graphviz
pkgconfig(libpcap)	devpkg-libpcap
pkgconfig(libpci)	devpkg-pciutils
pkgconfig(libpcre)	devpkg-pcre
pkgconfig(libpcre16)	devpkg-pcre
pkgconfig(libpcre2-16)	devpkg-pcre2
pkgconfig(libpcre2-32)	devpkg-pcre2
pkgconfig(libpcre2-8)	devpkg-pcre2
pkgconfig(libpcre2-posix)	devpkg-pcre2
pkgconfig(libpcre32)	devpkg-pcre
pkgconfig(libpcrecpp)	devpkg-pcre
pkgconfig(libpcreposix)	devpkg-pcre
pkgconfig(libpcsclite)	devpkg-pcsc-lite
pkgconfig(libpeas-1.0)	devpkg-libpeas
pkgconfig(libpeas-gtk-1.0)	devpkg-libpeas
pkgconfig(libpgtypes)	devpkg-postgresql
pkgconfig(libpinyin)	devpkg-libpinyin
pkgconfig(libpipeline)	devpkg-libpipeline
pkgconfig(libpipewire-0.3)	devpkg-pipewire
pkgconfig(libpkcs11-helper-1)	devpkg-pkcs11-helper
pkgconfig(libpkgconf)	devpkg-pkg-config
pkgconfig(libpmem)	devpkg-pmdk
pkgconfig(libpmem2)	devpkg-pmdk
pkgconfig(libpmemblk)	devpkg-pmdk
pkgconfig(libpmemlog)	devpkg-pmdk
pkgconfig(libpmemobj)	devpkg-pmdk
pkgconfig(libpmempool)	devpkg-pmdk
pkgconfig(libpng16)	devpkg-libpng
pkgconfig(libportal)	devpkg-libportal
pkgconfig(libportal-gtk3)	devpkg-libportal
pkgconfig(libportal-gtk4)	devpkg-libportal
pkgconfig(libportal-qt5)	devpkg-libportal
pkgconfig(libpostproc)	devpkg-not-ffmpeg
pkgconfig(libpq)	devpkg-postgresql
pkgconfig(libprofiler)	devpkg-gperftools
pkgconfig(libprotobuf-c)	devpkg-protobuf-c
pkgconfig(libproxy-1.0)	devpkg-libproxy
pkgconfig(libpsl)	devpkg-libpsl
pkgconfig(libpsx)	devpkg-libcap
pkgconfig(libpulse)	devpkg-pulseaudio
pkgconfig(libpulse-mainloop-glib)	devpkg-pulseaudio
pkgconfig(libpulse-simple)	devpkg-pulseaudio
pkgconfig(libqat)	devpkg-qatlib
pkgconfig(libqb)	devpkg-libqb
pkgconfig(libqpdf)	devpkg-qpdf
pkgconfig(libqrencode)	devpkg-qrencode
pkgconfig(libquorum)	devpkg-corosync
pkgconfig(librabbitmq)	devpkg-rabbitmq-c
pkgconfig(libraw)	devpkg-LibRaw
pkgconfig(libraw_r)	devpkg-LibRaw
pkgconfig(librdmacm)	devpkg-rdma-core
pkgconfig(librepo)	devpkg-librepo
pkgconfig(librrd)	devpkg-rrdtool
pkgconfig(librsvg-2.0)	devpkg-librsvg
pkgconfig(librtmp)	devpkg-rtmpdump
pkgconfig(libsam)	devpkg-corosync
pkgconfig(libsasl2)	devpkg-cyrus-sasl
pkgconfig(libsass)	devpkg-libsass
pkgconfig(libsctp)	devpkg-lksctp-tools
pkgconfig(libseat)	devpkg-seatd
pkgconfig(libseccomp)	devpkg-libseccomp
pkgconfig(libsecret-1)	devpkg-libsecret
pkgconfig(libsecret-unstable)	devpkg-libsecret
pkgconfig(libsflow)	devpkg-openvswitch
pkgconfig(libsharpyuv)	devpkg-libwebp
pkgconfig(libskk)	devpkg-libskk
pkgconfig(libsmbios_c)	devpkg-libsmbios
pkgconfig(libsodium)	devpkg-libsodium
pkgconfig(libsolv)	devpkg-libsolv
pkgconfig(libsolvext)	devpkg-libsolv
pkgconfig(libsoup-2.4)	devpkg-compat-libsoup-soname-24
pkgconfig(libsoup-3.0)	devpkg-libsoup
pkgconfig(libsoup-gnome-2.4)	devpkg-compat-libsoup-soname-24
pkgconfig(libspa-0.2)	devpkg-pipewire
pkgconfig(libspectre)	devpkg-libspectre
pkgconfig(libspiro)	devpkg-libspiro
pkgconfig(libssh)	devpkg-libssh
pkgconfig(libssh2)	devpkg-libssh2
pkgconfig(libssl)	devpkg-openssl
pkgconfig(libstartup-notification-1.0)	devpkg-startup-notification
pkgconfig(libstatgrab)	devpkg-libstatgrab
pkgconfig(libstoragemgmt)	devpkg-libstoragemgmt
pkgconfig(libsubunit)	devpkg-subunit
pkgconfig(libswresample)	devpkg-not-ffmpeg
pkgconfig(libswscale)	devpkg-not-ffmpeg
pkgconfig(libsyn123)	devpkg-mpg123
pkgconfig(libsystemd)	devpkg-systemd
pkgconfig(libtasn1)	devpkg-libtasn1
pkgconfig(libtcmalloc)	devpkg-gperftools
pkgconfig(libtcmalloc_debug)	devpkg-gperftools
pkgconfig(libtcmalloc_minimal)	devpkg-gperftools
pkgconfig(libtcmalloc_minimal_debug)	devpkg-gperftools
pkgconfig(libtelemetry)	devpkg-telemetrics-client
pkgconfig(libthai)	devpkg-libthai
pkgconfig(libtiff-4)	devpkg-tiff
pkgconfig(libtirpc)	devpkg-libtirpc
pkgconfig(libtraceevent)	devpkg-libtraceevent
pkgconfig(libtracefs)	devpkg-libtracefs
pkgconfig(libturbojpeg)	devpkg-libjpeg-turbo
pkgconfig(libudev)	devpkg-systemd
pkgconfig(libudf)	devpkg-libcdio
pkgconfig(libuhttpmock-0.0)	devpkg-uhttpmock
pkgconfig(libunibreak)	devpkg-libunibreak
pkgconfig(libunwind)	devpkg-libunwind
pkgconfig(libunwind-coredump)	devpkg-libunwind
pkgconfig(libunwind-generic)	devpkg-libunwind
pkgconfig(libunwind-ptrace)	devpkg-libunwind
pkgconfig(libunwind-setjmp)	devpkg-libunwind
pkgconfig(liburcu)	devpkg-userspace-rcu
pkgconfig(liburcu-bp)	devpkg-userspace-rcu
pkgconfig(liburcu-cds)	devpkg-userspace-rcu
pkgconfig(liburcu-mb)	devpkg-userspace-rcu
pkgconfig(liburcu-memb)	devpkg-userspace-rcu
pkgconfig(liburcu-qsbr)	devpkg-userspace-rcu
pkgconfig(liburcu-signal)	devpkg-userspace-rcu
pkgconfig(liburing)	devpkg-liburing
pkgconfig(libusb)	devpkg-libusb-compat
pkgconfig(libusb-1.0)	devpkg-libusb
pkgconfig(libusbredirhost)	devpkg-usbredir
pkgconfig(libusbredirparser-0.5)	devpkg-usbredir
pkgconfig(libusdm)	devpkg-qatlib
pkgconfig(libuser)	devpkg-libuser
pkgconfig(libutf8proc)	devpkg-utf8proc
pkgconfig(libuv)	devpkg-libuv
pkgconfig(libv4l1)	devpkg-v4l-utils
pkgconfig(libv4l2)	devpkg-v4l-utils
pkgconfig(libv4l2rds)	devpkg-v4l-utils
pkgconfig(libv4lconvert)	devpkg-v4l-utils
pkgconfig(libva)	devpkg-libva
pkgconfig(libva-drm)	devpkg-libva
pkgconfig(libva-glx)	devpkg-libva
pkgconfig(libva-wayland)	devpkg-libva
pkgconfig(libva-x11)	devpkg-libva
pkgconfig(libvala-0.56)	devpkg-vala
pkgconfig(libvirt)	devpkg-libvirt
pkgconfig(libvirt-admin)	devpkg-libvirt
pkgconfig(libvirt-lxc)	devpkg-libvirt
pkgconfig(libvirt-qemu)	devpkg-libvirt
pkgconfig(libvotequorum)	devpkg-corosync
pkgconfig(libwacom)	devpkg-libwacom
pkgconfig(libwebp)	devpkg-libwebp
pkgconfig(libwebpdemux)	devpkg-libwebp
pkgconfig(libwebpmux)	devpkg-libwebp
pkgconfig(libweston-6)	devpkg-weston
pkgconfig(libweston-6-protocols)	devpkg-weston
pkgconfig(libweston-desktop-6)	devpkg-weston
pkgconfig(libwnck-3.0)	devpkg-libwnck3
pkgconfig(libwoff2common)	devpkg-woff2
pkgconfig(libwoff2dec)	devpkg-woff2
pkgconfig(libwoff2enc)	devpkg-woff2
pkgconfig(libxcvt)	devpkg-libxcvt
pkgconfig(libxdot)	devpkg-graphviz
pkgconfig(libxfce4kbd-private-3)	devpkg-libxfce4ui
pkgconfig(libxfce4ui-2)	devpkg-libxfce4ui
pkgconfig(libxfce4util-1.0)	devpkg-libxfce4util
pkgconfig(libxfconf-0)	devpkg-xfconf
pkgconfig(libxklavier)	devpkg-libxklavier
pkgconfig(libxml-2.0)	devpkg-libxml2
pkgconfig(libxslt)	devpkg-libxslt
pkgconfig(libyami)	devpkg-libyami
pkgconfig(libzip)	devpkg-libzip
pkgconfig(libzmq)	devpkg-libzmq
pkgconfig(libzstd)	devpkg-zstd
pkgconfig(lmdb)	devpkg-lmdb
pkgconfig(lttng-ust)	devpkg-lttng-ust
pkgconfig(lua)	devpkg-lua
pkgconfig(luajit)	devpkg-LuaJIT
pkgconfig(lzo2)	devpkg-lzo
pkgconfig(mbim-glib)	devpkg-libmbim
pkgconfig(md4c)	devpkg-md4c
pkgconfig(md4c-html)	devpkg-md4c
pkgconfig(minizip)	devpkg-zlib
pkgconfig(mit-krb5)	devpkg-krb5
pkgconfig(mit-krb5-gssapi)	devpkg-krb5
pkgconfig(mm-common-libstdc++)	devpkg-mm-common
pkgconfig(mm-common-util)	devpkg-mm-common
pkgconfig(mm-glib)	devpkg-ModemManager
pkgconfig(mobile-broadband-provider-info)	devpkg-mobile-broadband-provider-info
pkgconfig(mount)	devpkg-util-linux
pkgconfig(mozjs-102)	devpkg-mozjs102
pkgconfig(mozjs-115)	devpkg-mozjs115
pkgconfig(mozjs-91)	devpkg-mozjs91
pkgconfig(mpfr)	devpkg-mpfr
pkgconfig(mtdev)	devpkg-mtdev
pkgconfig(ncursesw)	devpkg-ncurses
pkgconfig(ndr)	devpkg-samba
pkgconfig(ndr_krb5pac)	devpkg-samba
pkgconfig(ndr_nbt)	devpkg-samba
pkgconfig(ndr_standard)	devpkg-samba
pkgconfig(netapi)	devpkg-samba
pkgconfig(netcdf)	devpkg-netcdf
pkgconfig(netsnmp)	devpkg-net-snmp
pkgconfig(netsnmp-agent)	devpkg-net-snmp
pkgconfig(nettle)	devpkg-nettle
pkgconfig(nice)	devpkg-libnice
pkgconfig(nlopt)	devpkg-nlopt
pkgconfig(nspr)	devpkg-nspr
pkgconfig(nss)	devpkg-nss
pkgconfig(numa)	devpkg-numactl
pkgconfig(oauth)	devpkg-liboauth
pkgconfig(ocl-icd)	devpkg-ocl-icd
pkgconfig(ogg)	devpkg-libogg
pkgconfig(ompi)	devpkg-openmpi
pkgconfig(ompi-c)	devpkg-openmpi
pkgconfig(ompi-cxx)	devpkg-openmpi
pkgconfig(ompi-fort)	devpkg-openmpi
pkgconfig(oniguruma)	devpkg-onig
pkgconfig(openal)	devpkg-openal-soft
pkgconfig(openblas)	devpkg-openblas
pkgconfig(openconnect)	devpkg-openconnect
pkgconfig(opencv)	devpkg-opencv
pkgconfig(opencv4)	devpkg-opencv
pkgconfig(opengl)	devpkg-libglvnd
pkgconfig(openssl)	devpkg-openssl
pkgconfig(opus)	devpkg-opus
pkgconfig(orc-0.4)	devpkg-orc
pkgconfig(orte)	devpkg-openmpi
pkgconfig(ostree-1)	devpkg-ostree
pkgconfig(p11-kit-1)	devpkg-p11-kit
pkgconfig(pango)	devpkg-pango
pkgconfig(pangocairo)	devpkg-pango
pkgconfig(pangoft2)	devpkg-pango
pkgconfig(pangomm-1.4)	devpkg-compat-pangomm-soname14
pkgconfig(path_utils)	devpkg-ding-libs
pkgconfig(pciaccess)	devpkg-libpciaccess
pkgconfig(phonon4qt5)	devpkg-phonon
pkgconfig(pixman-1)	devpkg-pixman
pkgconfig(polkit-agent-1)	devpkg-polkit
pkgconfig(polkit-gobject-1)	devpkg-polkit
pkgconfig(polkit-qt5-1)	devpkg-polkit-qt
pkgconfig(polkit-qt5-agent-1)	devpkg-polkit-qt
pkgconfig(polkit-qt5-core-1)	devpkg-polkit-qt
pkgconfig(polkit-qt5-gui-1)	devpkg-polkit-qt
pkgconfig(poppler)	devpkg-poppler-extras
pkgconfig(poppler-cpp)	devpkg-poppler
pkgconfig(poppler-data)	devpkg-poppler-data-clr-rename
pkgconfig(poppler-glib)	devpkg-poppler
pkgconfig(poppler-qt5)	devpkg-poppler
pkgconfig(popt)	devpkg-popt
pkgconfig(presentproto)	devpkg-xorgproto
pkgconfig(proj)	devpkg-proj
pkgconfig(protobuf)	devpkg-protobuf
pkgconfig(protobuf-lite)	devpkg-protobuf
pkgconfig(ptexenc)	devpkg-texlive
pkgconfig(pthread-stubs)	devpkg-libpthread-stubs
pkgconfig(pugixml)	devpkg-pugixml
pkgconfig(pwquality)	devpkg-libpwquality
pkgconfig(py3cairo)	devpkg-pycairo
pkgconfig(pygobject-3.0)	devpkg-pygobject
pkgconfig(qatlib)	devpkg-qatlib
pkgconfig(qmi-glib)	devpkg-libqmi
pkgconfig(qrtr-glib)	devpkg-libqrtr-glib
pkgconfig(randrproto)	devpkg-xorgproto
pkgconfig(re2)	devpkg-re2
pkgconfig(readline)	devpkg-readline
pkgconfig(recordproto)	devpkg-xorgproto
pkgconfig(ref_array)	devpkg-ding-libs
pkgconfig(renderproto)	devpkg-xorgproto
pkgconfig(resourceproto)	devpkg-xorgproto
pkgconfig(rest-1.0)	devpkg-rest
pkgconfig(rfxcodec)	devpkg-xrdp
pkgconfig(rttopo)	devpkg-librttopo
pkgconfig(samba-credentials)	devpkg-samba
pkgconfig(samba-hostconfig)	devpkg-samba
pkgconfig(samba-util)	devpkg-samba
pkgconfig(samdb)	devpkg-samba
pkgconfig(samplerate)	devpkg-libsamplerate
pkgconfig(sane-backends)	devpkg-sane-backends
pkgconfig(sbc)	devpkg-sbc
pkgconfig(scdoc)	devpkg-scdoc
pkgconfig(scrnsaverproto)	devpkg-xorgproto
pkgconfig(sdl)	devpkg-SDL
pkgconfig(sdl2)	devpkg-SDL2
pkgconfig(serf-1)	devpkg-serf
pkgconfig(shapelib)	devpkg-shapelib
pkgconfig(shared-mime-info)	devpkg-shared-mime-info
pkgconfig(sigc++-2.0)	devpkg-compat-libsigcplusplus-soname20
pkgconfig(slang)	devpkg-slang
pkgconfig(slirp)	devpkg-libslirp
pkgconfig(sm)	devpkg-libX11
pkgconfig(smartcols)	devpkg-util-linux
pkgconfig(smbclient)	devpkg-samba
pkgconfig(sndfile)	devpkg-libsndfile
pkgconfig(source-highlight)	devpkg-source-highlight
pkgconfig(spatialite)	devpkg-libspatialite
pkgconfig(spdlog)	devpkg-spdlog
pkgconfig(speex)	devpkg-speex
pkgconfig(speexdsp)	devpkg-speexdsp
pkgconfig(spice-protocol)	devpkg-spice-protocol
pkgconfig(spice-server)	devpkg-spice
pkgconfig(spirv-cross-c-shared)	devpkg-SPIRV-Cross
pkgconfig(sqlite3)	devpkg-sqlite-autoconf
pkgconfig(ss)	devpkg-e2fsprogs
pkgconfig(stoken)	devpkg-stoken
pkgconfig(synctex)	devpkg-texlive
pkgconfig(systemd)	devpkg-systemd
pkgconfig(taglib)	devpkg-taglib
pkgconfig(taglib_c)	devpkg-taglib
pkgconfig(talloc)	devpkg-talloc
pkgconfig(tcl)	devpkg-tcl
pkgconfig(tdb)	devpkg-tdb
pkgconfig(telepathy-glib)	devpkg-telepathy-glib
pkgconfig(tesseract)	devpkg-tesseract
pkgconfig(tevent)	devpkg-tevent
pkgconfig(texlua53)	devpkg-texlive
pkgconfig(texluajit)	devpkg-texlive
pkgconfig(theora)	devpkg-libtheora
pkgconfig(theoradec)	devpkg-libtheora
pkgconfig(theoraenc)	devpkg-libtheora
pkgconfig(thrift)	devpkg-thrift
pkgconfig(thrift-z)	devpkg-thrift
pkgconfig(thrift_c_glib)	devpkg-thrift
pkgconfig(thunarx-3)	devpkg-Thunar
pkgconfig(tk)	devpkg-tk
pkgconfig(tokyocabinet)	devpkg-tokyocabinet
pkgconfig(tss2-esys)	devpkg-tpm2-tss
pkgconfig(tss2-fapi)	devpkg-tpm2-tss
pkgconfig(tss2-mu)	devpkg-tpm2-tss
pkgconfig(tss2-policy)	devpkg-tpm2-tss
pkgconfig(tss2-rc)	devpkg-tpm2-tss
pkgconfig(tss2-sys)	devpkg-tpm2-tss
pkgconfig(tss2-tcti-cmd)	devpkg-tpm2-tss
pkgconfig(tss2-tcti-device)	devpkg-tpm2-tss
pkgconfig(tss2-tcti-mssim)	devpkg-tpm2-tss
pkgconfig(tss2-tcti-pcap)	devpkg-tpm2-tss
pkgconfig(tss2-tcti-spi-helper)	devpkg-tpm2-tss
pkgconfig(tss2-tcti-swtpm)	devpkg-tpm2-tss
pkgconfig(tss2-tcti-tabrmd)	devpkg-tpm2-abrmd
pkgconfig(tss2-tctildr)	devpkg-tpm2-tss
pkgconfig(udev)	devpkg-systemd
pkgconfig(udisks2)	devpkg-udisks2
pkgconfig(udisks2-btrfs)	devpkg-udisks2
pkgconfig(udisks2-lsm)	devpkg-udisks2
pkgconfig(udisks2-lvm2)	devpkg-udisks2
pkgconfig(upower-glib)	devpkg-upower
pkgconfig(uuid)	devpkg-util-linux
pkgconfig(valgrind)	devpkg-valgrind
pkgconfig(vdpau)	devpkg-libvdpau
pkgconfig(videoproto)	devpkg-xorgproto
pkgconfig(virglrenderer)	devpkg-virglrenderer
pkgconfig(vorbis)	devpkg-libvorbis
pkgconfig(vorbisenc)	devpkg-libvorbis
pkgconfig(vorbisfile)	devpkg-libvorbis
pkgconfig(vpx)	devpkg-libvpx
pkgconfig(vte-2.91)	devpkg-vte
pkgconfig(vulkan)	devpkg-Vulkan-Loader
pkgconfig(waffle-1)	devpkg-waffle
pkgconfig(wavpack)	devpkg-wavpack
pkgconfig(wayland-client)	devpkg-wayland
pkgconfig(wayland-cursor)	devpkg-wayland
pkgconfig(wayland-egl)	devpkg-wayland
pkgconfig(wayland-egl-backend)	devpkg-wayland
pkgconfig(wayland-protocols)	devpkg-wayland-protocols
pkgconfig(wayland-scanner)	devpkg-wayland
pkgconfig(wayland-server)	devpkg-wayland
pkgconfig(wbclient)	devpkg-samba
pkgconfig(webkit2gtk-4.1)	devpkg-webkitgtk
pkgconfig(weston)	devpkg-weston
pkgconfig(wlroots)	devpkg-wlroots
pkgconfig(x11)	devpkg-libX11
pkgconfig(x11-xcb)	devpkg-libX11
pkgconfig(xapian-core)	devpkg-xapian-core
pkgconfig(xau)	devpkg-libX11
pkgconfig(xaw6)	devpkg-libXaw
pkgconfig(xaw7)	devpkg-libXaw
pkgconfig(xcb)	devpkg-libX11
pkgconfig(xcb-atom)	devpkg-libX11
pkgconfig(xcb-aux)	devpkg-libX11
pkgconfig(xcb-composite)	devpkg-libX11
pkgconfig(xcb-cursor)	devpkg-xcb-util-cursor
pkgconfig(xcb-damage)	devpkg-libX11
pkgconfig(xcb-dpms)	devpkg-libX11
pkgconfig(xcb-dri2)	devpkg-libX11
pkgconfig(xcb-dri3)	devpkg-libX11
pkgconfig(xcb-event)	devpkg-libX11
pkgconfig(xcb-ewmh)	devpkg-libX11
pkgconfig(xcb-glx)	devpkg-libX11
pkgconfig(xcb-icccm)	devpkg-libX11
pkgconfig(xcb-image)	devpkg-libX11
pkgconfig(xcb-keysyms)	devpkg-libX11
pkgconfig(xcb-present)	devpkg-libX11
pkgconfig(xcb-proto)	devpkg-xcb-proto
pkgconfig(xcb-randr)	devpkg-libX11
pkgconfig(xcb-record)	devpkg-libX11
pkgconfig(xcb-render)	devpkg-libX11
pkgconfig(xcb-renderutil)	devpkg-libX11
pkgconfig(xcb-res)	devpkg-libX11
pkgconfig(xcb-screensaver)	devpkg-libX11
pkgconfig(xcb-shape)	devpkg-libX11
pkgconfig(xcb-shm)	devpkg-libX11
pkgconfig(xcb-sync)	devpkg-libX11
pkgconfig(xcb-util)	devpkg-libX11
pkgconfig(xcb-xf86dri)	devpkg-libX11
pkgconfig(xcb-xfixes)	devpkg-libX11
pkgconfig(xcb-xinerama)	devpkg-libX11
pkgconfig(xcb-xinput)	devpkg-libX11
pkgconfig(xcb-xkb)	devpkg-libX11
pkgconfig(xcb-xtest)	devpkg-libX11
pkgconfig(xcb-xv)	devpkg-libX11
pkgconfig(xcb-xvmc)	devpkg-libX11
pkgconfig(xcmiscproto)	devpkg-xorgproto
pkgconfig(xcomposite)	devpkg-libX11
pkgconfig(xcursor)	devpkg-libXcursor
pkgconfig(xdamage)	devpkg-libX11
pkgconfig(xdg-desktop-portal)	devpkg-xdg-desktop-portal
pkgconfig(xdmcp)	devpkg-libX11
pkgconfig(xext)	devpkg-libX11
pkgconfig(xextproto)	devpkg-xorgproto
pkgconfig(xf86bigfontproto)	devpkg-xorgproto
pkgconfig(xf86dgaproto)	devpkg-xorgproto
pkgconfig(xf86driproto)	devpkg-xorgproto
pkgconfig(xf86vidmodeproto)	devpkg-xorgproto
pkgconfig(xfixes)	devpkg-libX11
pkgconfig(xfont)	devpkg-libXfont
pkgconfig(xfont2)	devpkg-libXfont2
pkgconfig(xft)	devpkg-libXft
pkgconfig(xi)	devpkg-libX11
pkgconfig(xinerama)	devpkg-libX11
pkgconfig(xineramaproto)	devpkg-xorgproto
pkgconfig(xkbcommon)	devpkg-libxkbcommon
pkgconfig(xkbcommon-x11)	devpkg-libxkbcommon
pkgconfig(xkbcomp)	devpkg-xkbcomp
pkgconfig(xkbfile)	devpkg-libxkbfile
pkgconfig(xkbregistry)	devpkg-libxkbcommon
pkgconfig(xkeyboard-config)	devpkg-xkeyboard-config
pkgconfig(xmlb)	devpkg-xmlb
pkgconfig(xmlsec1)	devpkg-xmlsec1
pkgconfig(xmlsec1-gcrypt)	devpkg-xmlsec1
pkgconfig(xmlsec1-gnutls)	devpkg-xmlsec1
pkgconfig(xmlsec1-nss)	devpkg-xmlsec1
pkgconfig(xmlsec1-openssl)	devpkg-xmlsec1
pkgconfig(xmu)	devpkg-libXmu
pkgconfig(xmuu)	devpkg-libXmu
pkgconfig(xorg-evdev)	devpkg-xf86-input-evdev
pkgconfig(xorg-macros)	devpkg-util-macros
pkgconfig(xorg-server)	devpkg-xorg-server
pkgconfig(xorg-synaptics)	devpkg-xf86-input-synaptics
pkgconfig(xorg-wacom)	devpkg-xf86-input-wacom
pkgconfig(xpm)	devpkg-libXpm
pkgconfig(xpresent)	devpkg-libXpresent
pkgconfig(xproto)	devpkg-xorgproto
pkgconfig(xrandr)	devpkg-libX11
pkgconfig(xrdp)	devpkg-xrdp
pkgconfig(xrender)	devpkg-libX11
pkgconfig(xres)	devpkg-libXres
pkgconfig(xscrnsaver)	devpkg-libXScrnSaver
pkgconfig(xshmfence)	devpkg-libX11
pkgconfig(xt)	devpkg-libXt
pkgconfig(xtables)	devpkg-iptables
pkgconfig(xtrans)	devpkg-xtrans
pkgconfig(xtst)	devpkg-libXtst
pkgconfig(xv)	devpkg-libXv
pkgconfig(xvmc)	devpkg-libXvMC
pkgconfig(xvmc-wrapper)	devpkg-libXvMC
pkgconfig(xwayland)	devpkg-xwayland
pkgconfig(xwaylandproto)	devpkg-xorgproto
pkgconfig(xxf86dga)	devpkg-libXxf86dga
pkgconfig(xxf86vm)	devpkg-libX11
pkgconfig(yajl)	devpkg-yajl
pkgconfig(yelp-xsl)	devpkg-yelp-xsl
pkgconfig(zlib)	devpkg-zlib
pkgconfig(zxing)	devpkg-zxing
